mode: set
github.com/iuriGaldino/Axion/backend/internal/application/usecase/auth_extra_usecase.go:9.95,13.2 1 0
github.com/iuriGaldino/Axion/backend/internal/application/usecase/auth_extra_usecase.go:15.98,17.16 2 0
github.com/iuriGaldino/Axion/backend/internal/application/usecase/auth_extra_usecase.go:17.16,19.3 1 0
github.com/iuriGaldino/Axion/backend/internal/application/usecase/auth_extra_usecase.go:20.2,20.56 1 0
github.com/iuriGaldino/Axion/backend/internal/application/usecase/auth_extra_usecase.go:20.56,22.3 1 0
github.com/iuriGaldino/Axion/backend/internal/application/usecase/auth_extra_usecase.go:23.2,24.16 2 0
github.com/iuriGaldino/Axion/backend/internal/application/usecase/auth_extra_usecase.go:24.16,26.3 1 0
github.com/iuriGaldino/Axion/backend/internal/application/usecase/auth_extra_usecase.go:27.2,28.37 2 0
github.com/iuriGaldino/Axion/backend/internal/application/usecase/auth_usecase.go:32.16,38.2 1 1
github.com/iuriGaldino/Axion/backend/internal/application/usecase/auth_usecase.go:40.105,43.21 2 1
github.com/iuriGaldino/Axion/backend/internal/application/usecase/auth_usecase.go:43.21,45.3 1 0
github.com/iuriGaldino/Axion/backend/internal/application/usecase/auth_usecase.go:47.2,48.16 2 1
github.com/iuriGaldino/Axion/backend/internal/application/usecase/auth_usecase.go:48.16,50.3 1 0
github.com/iuriGaldino/Axion/backend/internal/application/usecase/auth_usecase.go:52.2,53.53 2 1
github.com/iuriGaldino/Axion/backend/internal/application/usecase/auth_usecase.go:53.53,55.3 1 0
github.com/iuriGaldino/Axion/backend/internal/application/usecase/auth_usecase.go:57.2,58.16 2 1
github.com/iuriGaldino/Axion/backend/internal/application/usecase/auth_usecase.go:58.16,60.3 1 0
github.com/iuriGaldino/Axion/backend/internal/application/usecase/auth_usecase.go:62.2,65.8 1 1
github.com/iuriGaldino/Axion/backend/internal/application/usecase/auth_usecase.go:68.99,70.16 2 1
github.com/iuriGaldino/Axion/backend/internal/application/usecase/auth_usecase.go:70.16,72.3 1 0
github.com/iuriGaldino/Axion/backend/internal/application/usecase/auth_usecase.go:74.2,74.61 1 1
github.com/iuriGaldino/Axion/backend/internal/application/usecase/auth_usecase.go:74.61,76.3 1 0
github.com/iuriGaldino/Axion/backend/internal/application/usecase/auth_usecase.go:78.2,79.16 2 1
github.com/iuriGaldino/Axion/backend/internal/application/usecase/auth_usecase.go:79.16,81.3 1 0
github.com/iuriGaldino/Axion/backend/internal/application/usecase/auth_usecase.go:83.2,86.8 1 1
github.com/iuriGaldino/Axion/backend/internal/application/usecase/budget_goal_usecase.go:17.108,19.2 1 1
github.com/iuriGaldino/Axion/backend/internal/application/usecase/budget_goal_usecase.go:21.130,23.16 2 0
github.com/iuriGaldino/Axion/backend/internal/application/usecase/budget_goal_usecase.go:23.16,25.3 1 0
github.com/iuriGaldino/Axion/backend/internal/application/usecase/budget_goal_usecase.go:27.2,28.53 2 0
github.com/iuriGaldino/Axion/backend/internal/application/usecase/budget_goal_usecase.go:28.53,30.3 1 0
github.com/iuriGaldino/Axion/backend/internal/application/usecase/budget_goal_usecase.go:32.2,39.8 1 0
github.com/iuriGaldino/Axion/backend/internal/application/usecase/budget_goal_usecase.go:42.104,44.16 2 1
github.com/iuriGaldino/Axion/backend/internal/application/usecase/budget_goal_usecase.go:44.16,46.3 1 0
github.com/iuriGaldino/Axion/backend/internal/application/usecase/budget_goal_usecase.go:48.2,49.26 2 1
github.com/iuriGaldino/Axion/backend/internal/application/usecase/budget_goal_usecase.go:49.26,58.3 1 1
github.com/iuriGaldino/Axion/backend/internal/application/usecase/budget_goal_usecase.go:59.2,59.17 1 1
github.com/iuriGaldino/Axion/backend/internal/application/usecase/budget_usecase.go:11.113,16.2 4 0
github.com/iuriGaldino/Axion/backend/internal/application/usecase/budget_usecase.go:18.108,20.16 2 0
github.com/iuriGaldino/Axion/backend/internal/application/usecase/budget_usecase.go:20.16,22.3 1 0
github.com/iuriGaldino/Axion/backend/internal/application/usecase/budget_usecase.go:24.2,25.28 2 0
github.com/iuriGaldino/Axion/backend/internal/application/usecase/budget_usecase.go:25.28,28.3 1 0
github.com/iuriGaldino/Axion/backend/internal/application/usecase/budget_usecase.go:29.2,29.19 1 0
github.com/iuriGaldino/Axion/backend/internal/application/usecase/category_usecase.go:16.78,18.2 1 1
github.com/iuriGaldino/Axion/backend/internal/application/usecase/category_usecase.go:20.132,22.16 2 1
github.com/iuriGaldino/Axion/backend/internal/application/usecase/category_usecase.go:22.16,24.3 1 0
github.com/iuriGaldino/Axion/backend/internal/application/usecase/category_usecase.go:26.2,27.53 2 1
github.com/iuriGaldino/Axion/backend/internal/application/usecase/category_usecase.go:27.53,29.3 1 0
github.com/iuriGaldino/Axion/backend/internal/application/usecase/category_usecase.go:31.2,37.8 1 1
github.com/iuriGaldino/Axion/backend/internal/application/usecase/category_usecase.go:40.101,42.16 2 1
github.com/iuriGaldino/Axion/backend/internal/application/usecase/category_usecase.go:42.16,44.3 1 0
github.com/iuriGaldino/Axion/backend/internal/application/usecase/category_usecase.go:46.2,47.31 2 1
github.com/iuriGaldino/Axion/backend/internal/application/usecase/category_usecase.go:47.31,55.3 1 1
github.com/iuriGaldino/Axion/backend/internal/application/usecase/category_usecase.go:56.2,56.17 1 1
github.com/iuriGaldino/Axion/backend/internal/application/usecase/insight_usecase.go:15.99,17.2 1 1
github.com/iuriGaldino/Axion/backend/internal/application/usecase/insight_usecase.go:19.98,21.16 2 1
github.com/iuriGaldino/Axion/backend/internal/application/usecase/insight_usecase.go:21.16,23.3 1 0
github.com/iuriGaldino/Axion/backend/internal/application/usecase/insight_usecase.go:25.2,26.33 2 1
github.com/iuriGaldino/Axion/backend/internal/application/usecase/insight_usecase.go:26.33,28.3 1 0
github.com/iuriGaldino/Axion/backend/internal/application/usecase/insight_usecase.go:30.2,30.47 1 1
github.com/iuriGaldino/Axion/backend/internal/application/usecase/transaction_usecase.go:16.87,18.2 1 1
github.com/iuriGaldino/Axion/backend/internal/application/usecase/transaction_usecase.go:20.141,22.16 2 1
github.com/iuriGaldino/Axion/backend/internal/application/usecase/transaction_usecase.go:22.16,24.3 1 0
github.com/iuriGaldino/Axion/backend/internal/application/usecase/transaction_usecase.go:26.2,27.16 2 1
github.com/iuriGaldino/Axion/backend/internal/application/usecase/transaction_usecase.go:27.16,29.3 1 0
github.com/iuriGaldino/Axion/backend/internal/application/usecase/transaction_usecase.go:31.2,32.26 2 1
github.com/iuriGaldino/Axion/backend/internal/application/usecase/transaction_usecase.go:32.26,34.17 2 0
github.com/iuriGaldino/Axion/backend/internal/application/usecase/transaction_usecase.go:34.17,36.4 1 0
github.com/iuriGaldino/Axion/backend/internal/application/usecase/transaction_usecase.go:39.2,40.56 2 1
github.com/iuriGaldino/Axion/backend/internal/application/usecase/transaction_usecase.go:40.56,42.3 1 0
github.com/iuriGaldino/Axion/backend/internal/application/usecase/transaction_usecase.go:44.2,53.8 1 1
github.com/iuriGaldino/Axion/backend/internal/application/usecase/transaction_usecase.go:56.107,58.16 2 1
github.com/iuriGaldino/Axion/backend/internal/application/usecase/transaction_usecase.go:58.16,60.3 1 0
github.com/iuriGaldino/Axion/backend/internal/application/usecase/transaction_usecase.go:62.2,63.33 2 1
github.com/iuriGaldino/Axion/backend/internal/application/usecase/transaction_usecase.go:63.33,65.26 2 1
github.com/iuriGaldino/Axion/backend/internal/application/usecase/transaction_usecase.go:65.26,67.4 1 0
github.com/iuriGaldino/Axion/backend/internal/application/usecase/transaction_usecase.go:68.3,77.4 1 1
github.com/iuriGaldino/Axion/backend/internal/application/usecase/transaction_usecase.go:79.2,79.17 1 1
github.com/iuriGaldino/Axion/backend/internal/application/usecase/user_usecase.go:15.66,17.2 1 0
github.com/iuriGaldino/Axion/backend/internal/application/usecase/user_usecase.go:19.97,21.16 2 0
github.com/iuriGaldino/Axion/backend/internal/application/usecase/user_usecase.go:21.16,23.3 1 0
github.com/iuriGaldino/Axion/backend/internal/application/usecase/user_usecase.go:24.2,28.8 1 0
github.com/iuriGaldino/Axion/backend/internal/application/usecase/user_usecase.go:31.109,33.16 2 0
github.com/iuriGaldino/Axion/backend/internal/application/usecase/user_usecase.go:33.16,35.3 1 0
github.com/iuriGaldino/Axion/backend/internal/application/usecase/user_usecase.go:36.2,36.20 1 0
github.com/iuriGaldino/Axion/backend/internal/application/usecase/user_usecase.go:36.20,38.3 1 0
github.com/iuriGaldino/Axion/backend/internal/application/usecase/user_usecase.go:39.2,39.22 1 0
github.com/iuriGaldino/Axion/backend/internal/application/usecase/user_usecase.go:39.22,41.3 1 0
github.com/iuriGaldino/Axion/backend/internal/application/usecase/user_usecase.go:42.2,43.37 2 0
